=== Старт мониторинга: Чт 07 мая 2026 11:20:07 CEST ===
Стартовое значение: 11 просмотров
2026-05-07 11:20:11 | Views: 11
2026-05-07 11:35:14 | Views: 11
2026-05-07 11:50:18 | Views: 11
2026-05-07 12:05:24 | Views: 11
2026-05-07 12:20:28 | Views: 11
=== Старт мониторинга: Чт 07 мая 2026 12:44:12 CEST ===
Стартовое значение: 11 просмотров
2026-05-07 12:44:15 | Views: 11
2026-05-07 13:00:08 | Views: 11
2026-05-07 13:15:37 | Views: 11
2026-05-07 13:30:47 | Views: 11
2026-05-07 13:45:57 | Views: 11
2026-05-07 14:01:43 | Views: 11
2026-05-07 14:16:55 | Views: 11
2026-05-07 14:32:15 | Views: 11
2026-05-07 14:47:27 | Views: 11
2026-05-07 15:02:40 | Views: 11
2026-05-07 15:17:46 | Views: 11
2026-05-07 15:32:55 | Views: 11
2026-05-07 15:48:09 | Views: 11
2026-05-07 16:03:42 | Views: 11
2026-05-07 16:19:13 | Views: 11
2026-05-07 16:34:16 | Views: 11
=== Старт мониторинга (logged_in=True): Чт 07 мая 2026 17:58:04 CEST ===
2026-05-07 17:58:09 | Views: 11
2026-05-07 18:13:12 | Views: 11
2026-05-07 18:28:22 | Views: 11
2026-05-07 18:43:25 | Views: 13
=== Старт мониторинга (logged_in=True): Пт 08 мая 2026 13:45:46 CEST ===
2026-05-08 13:45:50 | Views: 17
2026-05-08 14:00:53 | Views: 17
2026-05-08 14:15:56 | Views: 17
2026-05-08 14:30:59 | Views: 17
2026-05-08 14:46:03 | Views: 17
